// Jest Snapshot v1, https://goo.gl/fbAQLP

exports[`call-arguments.js format 1`] = `
====================================options=====================================
parsers: ["babel", "flow", "typescript"]
printWidth: 80
                                                                                | printWidth
=====================================input======================================
describe.each(['foobar.com', 'www.foobar.com',])(
  'isUrl(%o)',
  str => {
    it('returns true', () => {
      expect(isUrl(str)).toBe(true)
    })
  }
)

const value = format(
  isDate(value) || value == null ? value : new Date(value),
  { locale, date, time }
)

test(foo(), bar())

test(foo(),
bar())

test(
foo(),
bar())

test(
foo(),
bar()
)

test(
foo()
)

expect(
  format(integer, { locale: 'de-DE', date: false, time: true })
)

getResource(api.users, {
  type: 'collection'
}) || {}

=====================================output=====================================
describe.each(["foobar.com", "www.foobar.com"])(
  "isUrl(%o)",
  (str) => {
    it("returns true", () => {
      expect(isUrl(str)).toBe(true);
    });
  },
);

const value = format(
  isDate(value) || value == null ? value : new Date(value),
  { locale, date, time },
);

test(foo(), bar());

test(
  foo(),
  bar(),
);

test(
  foo(),
  bar(),
);

test(
  foo(),
  bar(),
);

test(
  foo(),
);

expect(
  format(integer, { locale: "de-DE", date: false, time: true }),
);

getResource(api.users, {
  type: "collection",
}) || {};

================================================================================
`;
