// Jest Snapshot v1, https://goo.gl/fbAQLP

exports[`binaryish.ts format 1`] = `
====================================options=====================================
parsers: ["typescript"]
printWidth: 80
                                                                                | printWidth
=====================================input======================================
export type ModelHooks1<$Model extends Model = Model> = {
  [key in \`\${'before' | 'after'}:\${
    | 'find'
    | 'insert'
    | 'update'
    | 'delete'
  }\`]?: ModelHookFunction<$Model>;
};

export type ModelHooks2<$Model extends Model = Model> = {
  [key in \`\${'before' | 'after'}:\${
    | 'find' //
    | 'insert'
    | 'update'
    | 'delete'
  }\`]?: ModelHookFunction<$Model>;
};

=====================================output=====================================
export type ModelHooks1<$Model extends Model = Model> = {
  [key in \`\${"before" | "after"}:\${
    | "find"
    | "insert"
    | "update"
    | "delete"
  }\`]?: ModelHookFunction<$Model>;
};

export type ModelHooks2<$Model extends Model = Model> = {
  [key in \`\${"before" | "after"}:\${
    | "find" //
    | "insert"
    | "update"
    | "delete"
  }\`]?: ModelHookFunction<$Model>;
};

================================================================================
`;
