// Jest Snapshot v1, https://goo.gl/fbAQLP

exports[`member-chain.js format 1`] = `
====================================options=====================================
parsers: ["babel", "flow", "typescript"]
printWidth: 80
                                                                                | printWidth
=====================================input======================================
object1.test().bla().bla().bla()

object1
  .test().bla().bla().bla()

object1.test().bla().bla().bla().veeeeeeeeeeeeeeeeeeeeeeeeeeeeeeeeeeeeryLongFunctionName()

file.stream
  .off('data', onData)
  .off('end', onEnd)
  .pipe(stream)

expect(format(integer, { locale: 'de-DE', date: true, time: true }))
  .toBe('2. Januar 1970 um 11:17:36')

function test() {
  expect(
    deindent\`
      some
        indented
          text\`
  ).toBe(
\`some
  indented
    text\`
  )
}

=====================================output=====================================
object1.test().bla().bla().bla();

object1
  .test()
  .bla()
  .bla()
  .bla();

object1
  .test()
  .bla()
  .bla()
  .bla()
  .veeeeeeeeeeeeeeeeeeeeeeeeeeeeeeeeeeeeryLongFunctionName();

file.stream
  .off("data", onData)
  .off("end", onEnd)
  .pipe(stream);

expect(format(integer, { locale: "de-DE", date: true, time: true }))
  .toBe("2. Januar 1970 um 11:17:36");

function test() {
  expect(
    deindent\`
      some
        indented
          text\`
  ).toBe(
    \`some
  indented
    text\`
  );
}

================================================================================
`;
